测试一些内容
